// Jest Snapshot v1, https://goo.gl/fbAQLP

exports[`Nav elements render as expected 1`] = `
<nav
  className="navbar navbar-expand-lg navbar-dark"
>
  <a
    className="navbar-brand"
    href="/"
    onClick={[Function]}
  >
    <span
      className="stats"
    >
      Stats
    </span>
    Interactives
    <span
      className="beta"
    >
       Beta
    </span>
  </a>
  <div
    className="navbar-nav-scroll"
  >
    <ul
      className="navbar-nav bd-navbar-nav flex-row"
    >
      <li
        className="nav-item"
      >
        <a
          className="nav-link"
          href="/"
          onClick={[Function]}
        >
          ‚Üê Back to the Collection
        </a>
      </li>
    </ul>
  </div>
  <button
    aria-controls="navbarSupportedContent"
    aria-expanded="false"
    aria-label="Toggle navigation"
    className="navbar-toggler"
    data-target="#navbarSupportedContent"
    data-toggle="collapse"
    type="button"
  >
    <span
      className="navbar-toggler-icon"
    />
     
  </button>
  <div
    className="collapse navbar-collapse"
    id="navbarSupportedContent"
  />
</nav>
`;

exports[`Preview elements render as expected 1`] = `
Array [
  <div
    className="card col-md-6"
  >
    <div
      className="card-body"
    >
      <h2
        className="card-title"
      >
        <a
          href="/central-limit-theorem"
          onClick={[Function]}
        >
          The Central Limit Theorem
        </a>
      </h2>
      <p
        className="card-text"
      >
        In probability theory, the central limit theorem (CLT) establishes that, in some situations, when independent random variables are added, their properly normalized sum tends toward a normal distribution (informally a "bell curve") even if the original variables themselves are not normally distributed.
      </p>
    </div>
  </div>,
  <div
    className="card col-md-6"
  >
    <div
      className="card-body"
    >
      <h2
        className="card-title"
      >
        <a
          href="/linear-regression-model"
          onClick={[Function]}
        >
          Linear Regression Model
        </a>
      </h2>
      <p
        className="card-text"
      >
        A linear regression model assumes that the mean of the response variable is affected by the explanatory variables and that individual observations vary around the mean due to other factors.
      </p>
    </div>
  </div>,
  <div
    className="card col-md-6"
  >
    <div
      className="card-body"
    >
      <h2
        className="card-title"
      >
        <a
          href="/least-squares-estimation"
          onClick={[Function]}
        >
          Least Squares Estimation
        </a>
      </h2>
      <p
        className="card-text"
      >
        Lorem ipsum dolor sit amet, consectetur adipiscing elit. Fusce pharetra lorem blandit, blandit lectus vel, tincidunt leo. Donec sagittis eleifend purus at egestas. Praesent eu mattis est. Etiam et lectus sed libero cursus cursus. Class aptent taciti socios quad litora torquent per conubia nostra, per inceptos himenaeos. Integer a dignissim justo. Suspendisse gravida lectus eget tincidunt.
      </p>
    </div>
  </div>,
  <div
    className="card col-md-6"
  >
    <div
      className="card-body"
    >
      <h2
        className="card-title"
      >
        <a
          href="/sampling-distribution-regression"
          onClick={[Function]}
        >
          Sampling Distribution Regression Coefficients
        </a>
      </h2>
      <p
        className="card-text"
      >
        Lorem ipsum dolor sit amet, consectetur adipiscing elit. Fusce pharetra lorem blandit, blandit lectus vel, tincidunt leo. Donec sagittis eleifend purus at egestas. Praesent eu mattis est. Etiam et lectus sed libero cursus cursus. Class aptent taciti socios quad litora torquent per conubia nostra, per inceptos himenaeos. Integer a dignissim justo. Suspendisse gravida lectus eget tincidunt.
      </p>
    </div>
  </div>,
]
`;
